spJlN!жнй4ф>пыEйtЇwk┘Щ;Н.8Ёў╖ф ▀ёшї6┐9ГГeУ.цуtк└+гє█G┴▒
к╞OтFVу╖n╢╢/?u
7UкWИ