╩[йL1Ьь┘╝▌Е°к▐дыш:┤2·dГ╛]Н╣═яХ╓╪K5~mЇ╡ы╚д\·Сб╣5╫=:й┴¤#+ПЇО╛дт■╞й[ьodm