л]"љ5wy»ekЗа д”htС’K7д“јГ8т|ъU\Зёг°v,уinlи6Б2уґ>