si(÷У╣@║{
╔JВPz╧R═ъ8╘
╤0^ат┬┬OaЭ]i┬fYP'T╣╔t┼_!"Жб╟JКxл"╦╩в█<t&