oQ9T©≥РXяґфAVsф¶]”h†СЈд©N‘VPx©ѕ1ƒуЏямR£VЇXIQЂµЧz^ѓMG
юSMђт