.OÒ<ˆ½3´€|ÜÊÏo£·xÏZ‚Ò«º#wš'jÃ…Ùÿn5bDŠÊ +Ð