x1K
) (1a∆zЗmоƒ	KДИ[&)жЊGНфи$яЄq~»xдЗЌqфaT*юAз@MґP.МЅ№