'sqKmmO!знйё5х?пыEйyuїwk┘ПЩ;Н/9ёўў╖х ▀ёїщї7┐9ГГ'eУ/чуuл¤┴+гє█G┴#▒л╟OуGНWу╖o╖╖/W?u7UлWЙ