YЦ;≈║'qOieUМQ║Y∙║╥	cEЫЦ%С┘[⌡иЪ╔3≥г╜m-МиA1в┤я5шqЪ1Sъ{╔ёк÷iЪ÷Я#Ц]≥ШY┐9и?E≈мя[7)'╞+7