3ы—ЅoKq{!Бе9Mх·БKC±©%Gе©Ќ‰KE3ҐuЅgл+5яЭС™л›ЯmБ;Yу	нїщ%©ќџ;u±