ОК]#╫5w;yиek┤А!ЕЕсiu▒уK#7Еса┐9QС}ШU]┤ъ²	Ц║w-СCiomИ7│3С╥?