еoqў╔╜1OW√├!╜]З▒ые╫ўП∙╗-П;Я╤Ыe╤/хCЧ¤з[+7uY%ч √_┐)э╖єKgН╫╜Ы╦╣П