qqН√г╒Г╒ёє!}яY╦aYйWo▀їYе╒e)Э╖C┼э ∙Я╦¤я═єПU-;Ы╦╡Йkгy╧пБ┐Ioес-єUC]U!)}╜∙1├пKБ?G3;'є+{?%iu