_ЗWПwѓKҐЛ'Wќsќ+‹ЩSп1эеIХyOбу+GЏ#ЧыЧУ3з=›УkбЯуїWлэй5зѓЗkЕSуЛG;'эЧ§