ЯoQ9U©+≥СYяЈхЋAWsхІ]”©i°СЈеГ©O’WQy©Wѕ1≈уџянS£Wї	Y?IQЂµЧ{_ЯѓMG€SM≠у