Л©E[я„aб-Б_µЈ_СЈ?yСKЛWНQ!;_}їЅўебЭqѓ	5{ЗE„сеwЩЛ€[