СхээMныҐKUqЇяї%±їyХху±+—;o	ЫбП7kgW»™o+їUХХ!Ч1'ыЭ9·‹