=ใ'KวA?ัๅใ[ปแ9y/ฟ็=รมแ9=๏ำกม]/ูq?Qซฃี฿c9อง๕ฝนัณูห๛?฿sมK๋฿ลAM'ฟk