9/Oс=┴╫3╣│}щuко	oё╥yо[┐с[╚╩#w⌡'kц┘ыЪo5cE▀к!+я