г'­л-)uЎЅС±GggqЧ›Б'‰Aх{{бЏлс‹Џ·9©E99ќYs	“-Зmg=ы